c-mdreyer
Sun Mar 11 15:56:35 PDT 2012
Options:
$build.dir
[1] "./build"

$memory.limit
[1] "-1"

$max.insertions
[1] "-1"

$num.threads
[1] "1"

$eigenvalue.maxiter
[1] "1000"

$openfst.delta
[1] "1e-06"

$timelimit
[1] "500"

$ngram.order
[1] "1"

$isymbols
[1] "test/create+train+decode/ascii.syms"

$osymbols
[1] "test/create+train+decode/ascii.syms"

$train.data
[1] "test/create+train+decode/1.train"

$variance
[1] "1"

$force.convergence
[1] TRUE

$random.range
[1] "0.01"

$output
[1] "test/create+train+decode/foo-align"

$lbfgs.max.iterations
[1] "50"

[[1]]
[1] -1

[[1]]
[1] ""

[[1]]
[1] 1000

[[1]]
[1] 1

[[2]]
[1] 1

[[3]]
[1] -1

[[4]]
[1] "test/create+train+decode/1.train"

[[5]]
[1] "test/create+train+decode/ascii.syms"

[[6]]
[1] "test/create+train+decode/ascii.syms"

[[7]]
[1] "simple"

[[8]]
[1] ""

[[9]]
[1] 1

[[1]]
[1] 1e-06

[[1]]
[1] 500

[[1]]
[1] 1

